Archive member included because of file (symbol)

e:/embeddedsystemsdiploma/bin/../lib/gcc/avr/4.3.3/avr5\libgcc.a(_exit.o)
                              e:/embeddedsystemsdiploma/bin/../lib/gcc/avr/4.3.3/../../../../avr/lib/avr5/crtm16.o (exit)
e:/embeddedsystemsdiploma/bin/../lib/gcc/avr/4.3.3/avr5\libgcc.a(_clear_bss.o)
                              ./timer.o (__do_clear_bss)

Memory Configuration

Name             Origin             Length             Attributes
text             0x00000000         0x00020000         xr
data             0x00800060         0x0000ffa0         rw !x
eeprom           0x00810000         0x00010000         rw !x
fuse             0x00820000         0x00000400         rw !x
lock             0x00830000         0x00000400         rw !x
signature        0x00840000         0x00000400         rw !x
*default*        0x00000000         0xffffffff

Linker script and memory map

LOAD e:/embeddedsystemsdiploma/bin/../lib/gcc/avr/4.3.3/../../../../avr/lib/avr5/crtm16.o
LOAD ./keypad.o
LOAD ./sourceTemplate.o
LOAD ./timer.o
LOAD e:/embeddedsystemsdiploma/bin/../lib/gcc/avr/4.3.3/avr5\libgcc.a
LOAD e:/embeddedsystemsdiploma/bin/../lib/gcc/avr/4.3.3/../../../../avr/lib/avr5\libc.a
LOAD e:/embeddedsystemsdiploma/bin/../lib/gcc/avr/4.3.3/avr5\libgcc.a

.hash
 *(.hash)

.dynsym
 *(.dynsym)

.dynstr
 *(.dynstr)

.gnu.version
 *(.gnu.version)

.gnu.version_d
 *(.gnu.version_d)

.gnu.version_r
 *(.gnu.version_r)

.rel.init
 *(.rel.init)

.rela.init
 *(.rela.init)

.rel.text
 *(.rel.text)
 *(.rel.text.*)
 *(.rel.gnu.linkonce.t*)

.rela.text
 *(.rela.text)
 *(.rela.text.*)
 *(.rela.gnu.linkonce.t*)

.rel.fini
 *(.rel.fini)

.rela.fini
 *(.rela.fini)

.rel.rodata
 *(.rel.rodata)
 *(.rel.rodata.*)
 *(.rel.gnu.linkonce.r*)

.rela.rodata
 *(.rela.rodata)
 *(.rela.rodata.*)
 *(.rela.gnu.linkonce.r*)

.rel.data
 *(.rel.data)
 *(.rel.data.*)
 *(.rel.gnu.linkonce.d*)

.rela.data
 *(.rela.data)
 *(.rela.data.*)
 *(.rela.gnu.linkonce.d*)

.rel.ctors
 *(.rel.ctors)

.rela.ctors
 *(.rela.ctors)

.rel.dtors
 *(.rel.dtors)

.rela.dtors
 *(.rela.dtors)

.rel.got
 *(.rel.got)

.rela.got
 *(.rela.got)

.rel.bss
 *(.rel.bss)

.rela.bss
 *(.rela.bss)

.rel.plt
 *(.rel.plt)

.rela.plt
 *(.rela.plt)

.text           0x00000000     0x1a60
 *(.vectors)
 .vectors       0x00000000       0x54 e:/embeddedsystemsdiploma/bin/../lib/gcc/avr/4.3.3/../../../../avr/lib/avr5/crtm16.o
                0x00000000                __vectors
                0x00000000                __vector_default
 *(.vectors)
 *(.progmem.gcc*)
 *(.progmem*)
                0x00000054                . = ALIGN (0x2)
                0x00000054                __trampolines_start = .
 *(.trampolines)
 .trampolines   0x00000054        0x0 linker stubs
 *(.trampolines*)
                0x00000054                __trampolines_end = .
 *(.jumptables)
 *(.jumptables*)
 *(.lowtext)
 *(.lowtext*)
                0x00000054                __ctors_start = .
 *(.ctors)
                0x00000054                __ctors_end = .
                0x00000054                __dtors_start = .
 *(.dtors)
                0x00000054                __dtors_end = .
 SORT(*)(.ctors)
 SORT(*)(.dtors)
 *(.init0)
 .init0         0x00000054        0x0 e:/embeddedsystemsdiploma/bin/../lib/gcc/avr/4.3.3/../../../../avr/lib/avr5/crtm16.o
                0x00000054                __init
 *(.init0)
 *(.init1)
 *(.init1)
 *(.init2)
 .init2         0x00000054        0xc e:/embeddedsystemsdiploma/bin/../lib/gcc/avr/4.3.3/../../../../avr/lib/avr5/crtm16.o
 *(.init2)
 *(.init3)
 *(.init3)
 *(.init4)
 .init4         0x00000060       0x10 e:/embeddedsystemsdiploma/bin/../lib/gcc/avr/4.3.3/avr5\libgcc.a(_clear_bss.o)
                0x00000060                __do_clear_bss
 *(.init4)
 *(.init5)
 *(.init5)
 *(.init6)
 *(.init6)
 *(.init7)
 *(.init7)
 *(.init8)
 *(.init8)
 *(.init9)
 .init9         0x00000070        0x8 e:/embeddedsystemsdiploma/bin/../lib/gcc/avr/4.3.3/../../../../avr/lib/avr5/crtm16.o
 *(.init9)
 *(.text)
 .text          0x00000078        0x4 e:/embeddedsystemsdiploma/bin/../lib/gcc/avr/4.3.3/../../../../avr/lib/avr5/crtm16.o
                0x00000078                __vector_1
                0x00000078                __vector_12
                0x00000078                __bad_interrupt
                0x00000078                __vector_6
                0x00000078                __vector_11
                0x00000078                __vector_13
                0x00000078                __vector_17
                0x00000078                __vector_7
                0x00000078                __vector_5
                0x00000078                __vector_2
                0x00000078                __vector_15
                0x00000078                __vector_14
                0x00000078                __vector_10
                0x00000078                __vector_16
                0x00000078                __vector_18
                0x00000078                __vector_20
 .text          0x0000007c        0x0 ./keypad.o
 .text          0x0000007c        0x0 ./sourceTemplate.o
 .text          0x0000007c        0x0 ./timer.o
 .text          0x0000007c        0x0 e:/embeddedsystemsdiploma/bin/../lib/gcc/avr/4.3.3/avr5\libgcc.a(_exit.o)
 .text          0x0000007c        0x0 e:/embeddedsystemsdiploma/bin/../lib/gcc/avr/4.3.3/avr5\libgcc.a(_clear_bss.o)
                0x0000007c                . = ALIGN (0x2)
 *(.text.*)
 .text.KeyPad_getPressedKey
                0x0000007c       0xb0 ./keypad.o
                0x0000007c                KeyPad_getPressedKey
 .text.KeyPad_4x4_adjustKeyNumber
                0x0000012c      0x14c ./keypad.o
 .text.TIMER_Init
                0x00000278     0x13ac ./timer.o
                0x00000278                TIMER_Init
 .text.__vector_9
                0x00001624       0x66 ./timer.o
                0x00001624                __vector_9
 .text.__vector_19
                0x0000168a       0x66 ./timer.o
                0x0000168a                __vector_19
 .text.__vector_8
                0x000016f0       0x66 ./timer.o
                0x000016f0                __vector_8
 .text.TIMER1_COMP_vect
                0x00001756       0x66 ./timer.o
                0x00001756                TIMER1_COMP_vect
 .text.__vector_4
                0x000017bc       0x66 ./timer.o
                0x000017bc                __vector_4
 .text.__vector_3
                0x00001822       0x66 ./timer.o
                0x00001822                __vector_3
 .text.TIMER_SetISR_CallBack
                0x00001888       0x72 ./timer.o
                0x00001888                TIMER_SetISR_CallBack
 .text.TIMER_StopCounting
                0x000018fa       0xc4 ./timer.o
                0x000018fa                TIMER_StopCounting
 .text.TIMER_DeInit
                0x000019be       0x9e ./timer.o
                0x000019be                TIMER_DeInit
 .text.libgcc   0x00001a5c        0x0 e:/embeddedsystemsdiploma/bin/../lib/gcc/avr/4.3.3/avr5\libgcc.a(_exit.o)
 .text.libgcc   0x00001a5c        0x0 e:/embeddedsystemsdiploma/bin/../lib/gcc/avr/4.3.3/avr5\libgcc.a(_clear_bss.o)
                0x00001a5c                . = ALIGN (0x2)
 *(.fini9)
 .fini9         0x00001a5c        0x0 e:/embeddedsystemsdiploma/bin/../lib/gcc/avr/4.3.3/avr5\libgcc.a(_exit.o)
                0x00001a5c                exit
                0x00001a5c                _exit
 *(.fini9)
 *(.fini8)
 *(.fini8)
 *(.fini7)
 *(.fini7)
 *(.fini6)
 *(.fini6)
 *(.fini5)
 *(.fini5)
 *(.fini4)
 *(.fini4)
 *(.fini3)
 *(.fini3)
 *(.fini2)
 *(.fini2)
 *(.fini1)
 *(.fini1)
 *(.fini0)
 .fini0         0x00001a5c        0x4 e:/embeddedsystemsdiploma/bin/../lib/gcc/avr/4.3.3/avr5\libgcc.a(_exit.o)
 *(.fini0)
                0x00001a60                _etext = .

.data           0x00800060        0x0 load address 0x00001a60
                0x00800060                PROVIDE (__data_start, .)
 *(.data)
 .data          0x00800060        0x0 e:/embeddedsystemsdiploma/bin/../lib/gcc/avr/4.3.3/../../../../avr/lib/avr5/crtm16.o
 .data          0x00800060        0x0 ./keypad.o
 .data          0x00800060        0x0 ./sourceTemplate.o
 .data          0x00800060        0x0 ./timer.o
 .data          0x00800060        0x0 e:/embeddedsystemsdiploma/bin/../lib/gcc/avr/4.3.3/avr5\libgcc.a(_exit.o)
 .data          0x00800060        0x0 e:/embeddedsystemsdiploma/bin/../lib/gcc/avr/4.3.3/avr5\libgcc.a(_clear_bss.o)
 *(.data*)
 *(.rodata)
 *(.rodata*)
 *(.gnu.linkonce.d*)
                0x00800060                . = ALIGN (0x2)
                0x00800060                _edata = .
                0x00800060                PROVIDE (__data_end, .)

.bss            0x00800060        0x6
                0x00800060                PROVIDE (__bss_start, .)
 *(.bss)
 .bss           0x00800060        0x0 e:/embeddedsystemsdiploma/bin/../lib/gcc/avr/4.3.3/../../../../avr/lib/avr5/crtm16.o
 .bss           0x00800060        0x0 ./keypad.o
 .bss           0x00800060        0x0 ./sourceTemplate.o
 .bss           0x00800060        0x0 ./timer.o
 .bss           0x00800060        0x0 e:/embeddedsystemsdiploma/bin/../lib/gcc/avr/4.3.3/avr5\libgcc.a(_exit.o)
 .bss           0x00800060        0x0 e:/embeddedsystemsdiploma/bin/../lib/gcc/avr/4.3.3/avr5\libgcc.a(_clear_bss.o)
 *(.bss*)
 .bss.g_Timer0_CallBack_ptr
                0x00800060        0x2 ./timer.o
 .bss.g_Timer1_CallBack_ptr
                0x00800062        0x2 ./timer.o
 .bss.g_Timer2_CallBack_ptr
                0x00800064        0x2 ./timer.o
 *(COMMON)
                0x00800066                PROVIDE (__bss_end, .)
                0x00001a60                __data_load_start = LOADADDR (.data)
                0x00001a60                __data_load_end = (__data_load_start + SIZEOF (.data))

.noinit         0x00800066        0x0
                0x00800066                PROVIDE (__noinit_start, .)
 *(.noinit*)
                0x00800066                PROVIDE (__noinit_end, .)
                0x00800066                _end = .
                0x00800066                PROVIDE (__heap_start, .)

.eeprom         0x00810000        0x0
 *(.eeprom*)
                0x00810000                __eeprom_end = .

.fuse
 *(.fuse)
 *(.lfuse)
 *(.hfuse)
 *(.efuse)

.lock
 *(.lock*)

.signature
 *(.signature*)

.stab           0x00000000     0x1a70
 *(.stab)
 .stab          0x00000000      0x558 ./keypad.o
 .stab          0x00000558       0xd8 ./sourceTemplate.o
                                 0xe4 (size before relaxing)
 .stab          0x00000630     0x1440 ./timer.o
                               0x1698 (size before relaxing)

.stabstr        0x00000000      0xdfc
 *(.stabstr)
 .stabstr       0x00000000      0xdfc ./keypad.o

.stab.excl
 *(.stab.excl)

.stab.exclstr
 *(.stab.exclstr)

.stab.index
 *(.stab.index)

.stab.indexstr
 *(.stab.indexstr)

.comment
 *(.comment)

.debug
 *(.debug)

.line
 *(.line)

.debug_srcinfo
 *(.debug_srcinfo)

.debug_sfnames
 *(.debug_sfnames)

.debug_aranges
 *(.debug_aranges)

.debug_pubnames
 *(.debug_pubnames)

.debug_info
 *(.debug_info)
 *(.gnu.linkonce.wi.*)

.debug_abbrev
 *(.debug_abbrev)

.debug_line
 *(.debug_line)

.debug_frame
 *(.debug_frame)

.debug_str
 *(.debug_str)

.debug_loc
 *(.debug_loc)

.debug_macinfo
 *(.debug_macinfo)
OUTPUT(drivers.elf elf32-avr)
LOAD linker stubs
